map:
  firstKey: FirstValue
  secondKey: SecondValue
  thirdKey: ThirdValue
