combinedMap:
  singleKey: SingleValue
  firstKey: FirstValue
  secondKey: SecondValue
  thirdKey: ThirdValue
